// Jest Snapshot v1, https://goo.gl/fbAQLP

exports[`FastPassResultsTitleSection renders 1`] = `
<DocumentFragment>
  <div
    class="title-section"
  >
    <h2>
      Test title
    </h2>
  </div>
</DocumentFragment>
`;
