// Jest Snapshot v1, https://goo.gl/fbAQLP

exports[`ResultSectionContent renders, no rules 1`] = `<NoFailedInstancesCongrats />`;

exports[`ResultSectionContent renders, with some rules 1`] = `
<RulesWithInstances
  deps={Object {}}
  outcomeType="pass"
  rules={
    Array [
      Object {},
      Object {},
    ]
  }
/>
`;
