// Jest Snapshot v1, https://goo.gl/fbAQLP

exports[`SummaryResultsTable renders 1`] = `
<DocumentFragment>
  <table
    class="summaryResultsTable"
    id="table-id"
  >
    <thead>
      <tr>
        <th
          id="table-id-header0"
        >
          heading1
        </th>
        <th
          id="table-id-header1"
        >
          heading2
        </th>
        <th
          id="table-id-header2"
        >
          heading3
        </th>
      </tr>
    </thead>
    <tbody>
      <tr>
        <td
          class="textCell"
          headers="table-id-header0"
        >
          cell1
        </td>
        <td
          class="urlCell"
          headers="table-id-header1"
        >
          cell2
        </td>
        <td
          class="textCell"
          headers="table-id-header2"
        >
          <div>
            cell3
          </div>
        </td>
      </tr>
      <tr>
        <td
          class="textCell"
          headers="table-id-header0"
        >
          cell4
        </td>
        <td
          class="urlCell"
          headers="table-id-header1"
        >
          cell5
        </td>
        <td
          class="textCell"
          headers="table-id-header2"
        >
          <div>
            cell6
          </div>
        </td>
      </tr>
    </tbody>
  </table>
</DocumentFragment>
`;
