// Jest Snapshot v1, https://goo.gl/fbAQLP

exports[` renders 1`] = `
<SummaryResultsTable
  columnHeaders={
    Array [
      "Error type",
      "URL",
      "Error description",
    ]
  }
  rows={
    Array [
      Array [
        "type1",
        <NewTabLink
          href="https://url.com/1"
        >
          https://url.com/1
        </NewTabLink>,
        "error description 1",
      ],
      Array [
        "type2",
        <NewTabLink
          href="https://url.com/2"
        >
          https://url.com/2
        </NewTabLink>,
        "error description 2",
      ],
      Array [
        "type3",
        <NewTabLink
          href="https://url.com/3"
        >
          https://url.com/3
        </NewTabLink>,
        "error description 3",
      ],
    ]
  }
/>
`;
