// Jest Snapshot v1, https://goo.gl/fbAQLP

exports[`getReportFooterText renders 1`] = `
<React.Fragment>
  This automated checks result was generated using the 
  THE SERVICE NAME
   
  that helps find some of the most common accessibility issues. The scan was performed using axe-core 
  4.5.6
   and 
  dummy browser version 1.0.1
  . To more deeply investigate your accessibility issues please visit
   
  <ToolLink />
  .
</React.Fragment>
`;
