// Jest Snapshot v1, https://goo.gl/fbAQLP

exports[`ResultSection renders 1`] = `
<div
  className="result-section-class-name resultSection"
>
  <h2>
    <ResultSectionTitle
      containerClassName="result-section-class-name"
      deps={Object {}}
    />
  </h2>
  <ResultSectionContent
    containerClassName="result-section-class-name"
    deps={Object {}}
  />
</div>
`;
