// Jest Snapshot v1, https://goo.gl/fbAQLP

exports[`ScanResults to Unified Results Test conversion works with filled up passes and failures value in scanresults 1`] = `
Object {
  "results": Array [
    Object {
      "descriptors": Object {
        "snippet": "html1",
      },
      "identifiers": Object {
        "css-selector": "target1;id1",
      },
      "resolution": Object {
        "how-to-fix-web": Object {
          "all": Array [],
          "any": Array [],
          "none": Array [],
        },
      },
      "ruleId": "id1",
      "status": "fail",
      "uid": "gguid-mock-stub",
    },
    Object {
      "descriptors": Object {
        "snippet": "html2",
      },
      "identifiers": Object {
        "css-selector": "target2;id2",
      },
      "resolution": Object {
        "how-to-fix-web": Object {
          "all": Array [],
          "any": Array [],
          "none": Array [],
        },
      },
      "ruleId": "id1",
      "status": "fail",
      "uid": "gguid-mock-stub",
    },
    Object {
      "descriptors": Object {
        "snippet": "html3",
      },
      "identifiers": Object {
        "css-selector": "target3;id3",
      },
      "resolution": Object {
        "how-to-fix-web": Object {
          "all": Array [],
          "any": Array [],
          "none": Array [],
        },
      },
      "ruleId": "id2",
      "status": "fail",
      "uid": "gguid-mock-stub",
    },
    Object {
      "descriptors": Object {
        "snippet": "html-pass",
      },
      "identifiers": Object {
        "css-selector": "passTarget1;passTarget2",
      },
      "resolution": Object {
        "how-to-fix-web": Object {
          "all": Array [],
          "any": Array [],
          "none": Array [],
        },
      },
      "ruleId": "test",
      "status": "pass",
      "uid": "gguid-mock-stub",
    },
  ],
}
`;

exports[`ScanResults to Unified Results Test convesion works fine when the only value in the scanresults is timeStamp 1`] = `
Object {
  "results": Array [],
}
`;
