// Jest Snapshot v1, https://goo.gl/fbAQLP

exports[`Header renders per snapshot 1`] = `
<header
  className="headerBar"
>
  <Component
    deps={Object {}}
  />
  <span
    className="headerText"
  >
    Accessibility Insights for Web
  </span>
</header>
`;
