// Jest Snapshot v1, https://goo.gl/fbAQLP

exports[`AutomatedChecksCommandBar render 1`] = `
<div
  className="automatedChecksCommandBar"
>
  <CustomizedActionButton
    className="button-rescan"
    iconProps={
      Object {
        "iconName": "Refresh",
      }
    }
    onClick={[Function]}
    text="Rescan"
  />
</div>
`;
