// Jest Snapshot v1, https://goo.gl/fbAQLP

exports[`InvalidLoadAssessmentDialog should not show when isOpen is set to false 1`] = `null`;

exports[`InvalidLoadAssessmentDialog should show when isOpen is set to true 1`] = `
<Dialog
  dialogContentProps={
    Object {
      "subText": "Please select a valid *.a11ywebassessment file",
      "title": "Oops! Accessibility Insights canâ€™t open this file.",
      "type": 0,
    }
  }
  hidden={false}
  modalProps={
    Object {
      "containerClassName": "invalidLoadAssessmentDialog",
      "isBlocking": false,
      "onDismissed": [Function],
    }
  }
  onDismiss={[Function]}
>
  <StyledDialogFooterBase>
    <CustomizedPrimaryButton
      data-automation-id="invalid-load-assessment-dialog-ok-button"
      onClick={[Function]}
    >
      OK
    </CustomizedPrimaryButton>
  </StyledDialogFooterBase>
</Dialog>
`;
