// Jest Snapshot v1, https://goo.gl/fbAQLP

exports[`NextRequirementButton renders 1`] = `
<DocumentFragment>
  <mock-customizeddefaultbutton>
    <span />
  </mock-customizeddefaultbutton>
</DocumentFragment>
`;

exports[`NextRequirementButton renders: CustomizedDefaultButton props 1`] = `
{
  "children": <span>
    <Memo
      ariaLabel="next"
      iconName="ChevronRight"
    />
  </span>,
  "className": undefined,
  "onClick": [Function],
  "text": undefined,
}
`;
