// Jest Snapshot v1, https://goo.gl/fbAQLP

exports[`TabStopsRequirementInstancesCollapsibleContent renders 1`] = `
<DocumentFragment>
  <mock-styledwithviewportcomponent
    checkboxvisibility="2"
    columns="[object Object],[object Object]"
    constrainmode="1"
    items="[object Object]"
  />
</DocumentFragment>
`;

exports[`TabStopsRequirementInstancesCollapsibleContent renders captured instance details column 1`] = `
<AssessmentInstanceDetailsColumn
  background="#767676"
  headerText="Comment"
  textContent="test requirement description"
/>
`;

exports[`TabStopsRequirementInstancesCollapsibleContent renders captured instance icons column 1`] = `
<React.Fragment>
  <ForwardRef(StyledLinkBase)
    className="editButton"
    onClick={[Function]}
  >
    <Memo
      ariaLabel="edit instance"
      iconName="edit"
    />
  </ForwardRef(StyledLinkBase)>
  <ForwardRef(StyledLinkBase)
    className="removeButton"
    onClick={[Function]}
  >
    <Memo
      ariaLabel="delete instance"
      iconName="delete"
    />
  </ForwardRef(StyledLinkBase)>
</React.Fragment>
`;

exports[`TabStopsRequirementInstancesCollapsibleContent renders: StyledWithViewportComponent props 1`] = `
{
  "checkboxVisibility": 2,
  "columns": [
    {
      "columnActionsMode": 0,
      "fieldName": "description",
      "isResizable": true,
      "key": "failureDescription",
      "minWidth": 100,
      "name": "Failure description",
      "onRender": [Function],
    },
    {
      "columnActionsMode": 0,
      "fieldName": "instanceActionButtons",
      "isIconOnly": true,
      "isResizable": false,
      "key": "instanceActionButtons",
      "maxWidth": 124,
      "minWidth": 124,
      "name": "instance actions",
      "onRender": [Function],
    },
  ],
  "constrainMode": 1,
  "items": [
    {
      "description": "test-description",
      "id": "test-instance-id",
    },
  ],
  "onRenderDetailsHeader": [Function],
}
`;
