// Jest Snapshot v1, https://goo.gl/fbAQLP

exports[`getIssueDetailsHtml returns issue details text as html 1`] = `"<div><b>Issue</b></div><div>RR-help (<a href=\\"RR%20help%20url\\">RR-rule-id</a>)</div><br><div><b>Application</b></div><div><a href=\\"pageUrl\\">pageTitle&lt;x&gt;<br>pageUrl</a></div><br><div><b>Element Path</b></div><div>RR-selector&lt;x&gt;</div><br><div><b>Snippet</b></div><div>RR-html</div><br><div><b>How to fix</b></div><div>RR-failureSummary</div><br><div><b>To reproduce</b></div><div>Use <a href=\\"http://aka.ms/AccessibilityInsights\\">Accessibility Insights for Web</a> to investigate the issue details</div><br><div><b>Environment</b></div><div>test spec</div><br>test footer content"`;

exports[`getIssueDetailsHtml truncates long snippets 1`] = `"<div><b>Issue</b></div><div>RR-help (<a href=\\"RR%20help%20url\\">RR-rule-id</a>)</div><br><div><b>Application</b></div><div><a href=\\"pageUrl\\">pageTitle&lt;x&gt;<br>pageUrl</a></div><br><div><b>Element Path</b></div><div>RR-selector&lt;x&gt;</div><br><div><b>Snippet</b></div><div>----------------------------------------------------------------------------------------------------------------------------------------------------------------------------------------------------------------------------------------------------------------...</div><br><div><b>How to fix</b></div><div>RR-failureSummary</div><br><div><b>To reproduce</b></div><div>Use <a href=\\"http://aka.ms/AccessibilityInsights\\">Accessibility Insights for Web</a> to investigate the issue details</div><br><div><b>Environment</b></div><div>test spec</div><br>test footer content"`;
